[2026-09-24 00:49:21] ================ Starting Daily Pipeline ================
[2026-09-24 00:49:21] Warning: No virtual environment found. Using system Python: /Users/carterng-yu/Desktop/NBA_Fantasy_Basketball_Project/data_pipeline/venv/bin/python3
[2026-09-24 00:49:21] Step 1/6: Fetching latest box scores and refreshing player positions cache...
/Users/carterng-yu/Desktop/NBA_Fantasy_Basketball_Project/data_pipeline/retrieve_live_data.py:99: FutureWarning: The behavior of DataFrame concatenation with empty or all-NA entries is deprecated. In a future version, this will no longer exclude empty or all-NA columns when determining the result dtypes. To retain the old behavior, exclude the relevant entries before the concat operation.
  combined = pd.concat([prior_seasons, fresh_current], ignore_index=True)
Existing store found (26651 rows). Refreshing current season (2026-27) only.
  Fetching 2026-27...
    -> 0 player-game rows
Saved 26651 total rows to /Users/carterng-yu/Desktop/NBA_Fantasy_Basketball_Project/data_pipeline/nba_live_data/scores/player_boxscores.csv
Updating player positions cache via NBA PlayerIndex...
Found 582 unique players in player_boxscores.csv
  Fetching NBA PlayerIndex...
  -> NBA returned 582 players
Players saved: 582
Players with positions: 582
✅ Saved player positions to:
   /Users/carterng-yu/Desktop/NBA_Fantasy_Basketball_Project/data_pipeline/nba_live_data/player_positions.csv
[2026-09-24 00:49:23] Step 2/6: Preprocessing completed games and computing rolling feature store...
Processed store found (through 2026-04-12). 0 new raw rows to process.
Nothing new to process.
[2026-09-24 00:49:23] Step 3/6: Fetching tonight's NBA game schedule...
Fetching schedule for 2026-09-24...
  No games scheduled for 2026-09-24.
0 team-rows (0 games) saved to /Users/carterng-yu/Desktop/NBA_Fantasy_Basketball_Project/data_pipeline/nba_live_data/schedule/schedule_2026-09-24.csv
[2026-09-24 00:49:24] Step 4/6: Pulling official NBA injury report snapshot...
WARNING: A restricted method in java.lang.System has been called
WARNING: java.lang.System::load has been called by org.jpype.JPypeContext in an unnamed module (file:/Users/carterng-yu/Desktop/NBA_Fantasy_Basketball_Project/data_pipeline/venv/lib/python3.14/site-packages/org.jpype.jar)
WARNING: Use --enable-native-access=ALL-UNNAMED to avoid a warning for callers in this module
WARNING: Restricted methods will be blocked in a future release unless native access is enabled

Fetching injury report snapshot for 2026-09-24 05:30 PM...
Failed validation - Injury-Report_2026-09-24_05_30PM.
  nbainjuries raised an error fetching this snapshot: Failed to access src data: 403 Client Error: Forbidden for url: https://ak-static.cms.nba.com/referee/injury/Injury-Report_2026-09-24_05_30PM.pdf
  (No report may exist for this exact date/time -- try a different --hour/--minute, or check whether games are even scheduled for this date.)
  No report data returned.
0 player statuses (0 confirmed out/doubtful) saved to /Users/carterng-yu/Desktop/NBA_Fantasy_Basketball_Project/data_pipeline/nba_live_data/injuries/injuries_2026-09-24.csv
[2026-09-24 00:49:26] Step 5/6: Generating daily streamer predictions...
Running daily prediction for 2026-09-24...
  Warning: no injury report loaded -- predictions won't reflect tonight's confirmed absences.
  No teams/players found for this date -- nothing to predict.
[2026-09-24 00:49:29] Step 6/6: Aggregating multi-week projections and updating individual games...
/Users/carterng-yu/Desktop/NBA_Fantasy_Basketball_Project/NBA_STREAMER_ML_MODEL/live_inference_scripts/aggregate_weekly.py:225: FutureWarning: The behavior of DataFrame concatenation with empty or all-NA entries is deprecated. In a future version, this will no longer exclude empty or all-NA columns when determining the result dtypes. To retain the old behavior, exclude the relevant entries before the concat operation.
  all_week = pd.concat([week_predictions, future_forecasts], ignore_index=True) \
Forecasting week of 2026-09-21 - 2026-09-27 (as of 2026-09-24)...
  No predictions or forecasts available for this week.
Forecasting week of 2026-09-28 - 2026-10-04 (as of 2026-10-01)...
  Warning: no injury report for 2026-10-01 -- future-day forecasts won't reflect any current absences.
  No cached schedule for 2026-10-02 -- fetching it now.
  No games scheduled for 2026-10-02.
  No cached schedule for 2026-10-03 -- fetching it now.
  Warning: no injury report loaded -- predictions won't reflect tonight's confirmed absences.
  No cached schedule for 2026-10-04 -- fetching it now.
  Warning: no injury report loaded -- predictions won't reflect tonight's confirmed absences.
  No bias correction available yet (recalibrate.py hasn't accumulated enough history) -- forecasted rows are uncalibrated.
✅ Processed Week 40 (Offset 1)
[2026-09-24 00:49:32] ================ Pipeline Completed Successfully ================
