[2026-09-23 23:20:54] ================ Starting Daily Pipeline ================
[2026-09-23 23:20:54] Warning: No virtual environment found. Using system Python: /Users/carterng-yu/Desktop/NBA_Fantasy_Basketball_Project/data_pipeline/venv/bin/python3
[2026-09-23 23:20:54] Step 1/6: Fetching latest box scores and refreshing player positions cache...
/Users/carterng-yu/Desktop/NBA_Fantasy_Basketball_Project/data_pipeline/retrieve_live_data.py:99: FutureWarning: The behavior of DataFrame concatenation with empty or all-NA entries is deprecated. In a future version, this will no longer exclude empty or all-NA columns when determining the result dtypes. To retain the old behavior, exclude the relevant entries before the concat operation.
  combined = pd.concat([prior_seasons, fresh_current], ignore_index=True)
Existing store found (26651 rows). Refreshing current season (2026-27) only.
  Fetching 2026-27...
    -> 0 player-game rows
Saved 26651 total rows to /Users/carterng-yu/Desktop/NBA_Fantasy_Basketball_Project/data_pipeline/nba_live_data/scores/player_boxscores.csv
Updating player positions cache via NBA PlayerIndex...
Found 582 unique players in player_boxscores.csv
  Fetching NBA PlayerIndex...
  -> NBA returned 582 players
Players saved: 582
Players with positions: 582
✅ Saved player positions to:
   /Users/carterng-yu/Desktop/NBA_Fantasy_Basketball_Project/data_pipeline/nba_live_data/player_positions.csv
[2026-09-23 23:20:58] Step 2/6: Preprocessing completed games and computing rolling feature store...
Processed store found (through 2026-04-12). 0 new raw rows to process.
Nothing new to process.
[2026-09-23 23:20:59] Step 3/6: Fetching tonight's NBA game schedule...
Fetching schedule for 2026-09-23...
  No games scheduled for 2026-09-23.
0 team-rows (0 games) saved to /Users/carterng-yu/Desktop/NBA_Fantasy_Basketball_Project/data_pipeline/nba_live_data/schedule/schedule_2026-09-23.csv
[2026-09-23 23:21:00] Step 4/6: Pulling official NBA injury report snapshot...
WARNING: A restricted method in java.lang.System has been called
WARNING: java.lang.System::load has been called by org.jpype.JPypeContext in an unnamed module (file:/Users/carterng-yu/Desktop/NBA_Fantasy_Basketball_Project/data_pipeline/venv/lib/python3.14/site-packages/org.jpype.jar)
WARNING: Use --enable-native-access=ALL-UNNAMED to avoid a warning for callers in this module
WARNING: Restricted methods will be blocked in a future release unless native access is enabled

Fetching injury report snapshot for 2026-09-23 05:30 PM...
Failed validation - Injury-Report_2026-09-23_05_30PM.
  nbainjuries raised an error fetching this snapshot: Failed to access src data: 403 Client Error: Forbidden for url: https://ak-static.cms.nba.com/referee/injury/Injury-Report_2026-09-23_05_30PM.pdf
  (No report may exist for this exact date/time -- try a different --hour/--minute, or check whether games are even scheduled for this date.)
  No report data returned.
0 player statuses (0 confirmed out/doubtful) saved to /Users/carterng-yu/Desktop/NBA_Fantasy_Basketball_Project/data_pipeline/nba_live_data/injuries/injuries_2026-09-23.csv
[2026-09-23 23:21:02] Step 5/6: Generating daily streamer predictions...
Running daily prediction for 2026-09-23...
  Warning: no injury report loaded -- predictions won't reflect tonight's confirmed absences.
  No teams/players found for this date -- nothing to predict.
[2026-09-23 23:21:05] Step 6/6: Aggregating multi-week projections and updating individual games...
/Users/carterng-yu/Desktop/NBA_Fantasy_Basketball_Project/NBA_STREAMER_ML_MODEL/live_inference_scripts/aggregate_weekly.py:294: DeprecationWarning: The 'generic' unit for NumPy timedelta is deprecated, and will raise an error in the future. This includes implicit conversion of bare integers (e.g. `+ 1`).Please use a specific unit instead.
  target_date = base_date + pd.Timedelta(days=7 * offset)
Forecasting week of 2026-09-21 - 2026-09-27 (as of 2026-09-23)...
  No cached schedule for 2026-09-24 -- fetching it now.
  No games scheduled for 2026-09-24.
  No cached schedule for 2026-09-25 -- fetching it now.
  No games scheduled for 2026-09-25.
  No cached schedule for 2026-09-26 -- fetching it now.
  No games scheduled for 2026-09-26.
  No cached schedule for 2026-09-27 -- fetching it now.
  No games scheduled for 2026-09-27.
  No predictions or forecasts available for this week.
Traceback (most recent call last):
  File "/Users/carterng-yu/Desktop/NBA_Fantasy_Basketball_Project/NBA_STREAMER_ML_MODEL/live_inference_scripts/aggregate_weekly.py", line 308, in <module>
    run_weekly_aggregation(args.date)
    ~~~~~~~~~~~~~~~~~~~~~~^^^^^^^^^^^
  File "/Users/carterng-yu/Desktop/NBA_Fantasy_Basketball_Project/NBA_STREAMER_ML_MODEL/live_inference_scripts/aggregate_weekly.py", line 295, in run_weekly_aggregation
    weekly, all_week_games = aggregate_week(target_date) # We will update aggregate_week next
    ^^^^^^^^^^^^^^^^^^^^^^
ValueError: too many values to unpack (expected 2)
